20:17:01 **** Auto Build of configuration Debug for project gpio ****
make pre-build main-build 
a9-linaro-pre-build-step
' '
'Building file: ../src/helloworld.c'
'Invoking: ARM v7 gcc compiler'
arm-none-eabi-gcc -Wall -O0 -g3 -c -fmessage-length=0 -MT"src/helloworld.o" -mcpu=cortex-a9 -mfpu=vfpv3 -mfloat-abi=hard -I../../gpio_bsp/ps7_cortexa9_0/include -MMD -MP -MF"src/helloworld.d" -MT"src/helloworld.o" -o "src/helloworld.o" "../src/helloworld.c"
../src/helloworld.c: In function 'SetupInterruptSystem':
../src/helloworld.c:39:30: warning: passing argument 1 of 'XGpioPs_SetCallbackHandler' from incompatible pointer type [-Wincompatible-pointer-types]
   XGpioPs_SetCallbackHandler(&xgpiops, (void *)xgpiops, GPIOIntrHandler);
                              ^~~~~~~~
In file included from ../src/helloworld.c:3:
../../gpio_bsp/ps7_cortexa9_0/include/xgpiops.h:262:42: note: expected 'XGpioPs *' {aka 'struct <anonymous> *'} but argument is of type 'XGpioPs **' {aka 'struct <anonymous> **'}
 void XGpioPs_SetCallbackHandler(XGpioPs *InstancePtr, void *CallBackRef,
                                 ~~~~~~~~~^~~~~~~~~~~
../src/helloworld.c:39:57: warning: passing argument 3 of 'XGpioPs_SetCallbackHandler' from incompatible pointer type [-Wincompatible-pointer-types]
   XGpioPs_SetCallbackHandler(&xgpiops, (void *)xgpiops, GPIOIntrHandler);
                                                         ^~~~~~~~~~~~~~~
In file included from ../src/helloworld.c:3:
../../gpio_bsp/ps7_cortexa9_0/include/xgpiops.h:263:25: note: expected 'XGpioPs_Handler' {aka 'void (*)(void *, long unsigned int,  long unsigned int)'} but argument is of type 'void (*)(void *, int,  u32)' {aka 'void (*)(void *, int,  long unsigned int)'}
         XGpioPs_Handler FuncPointer);
         ~~~~~~~~~~~~~~~~^~~~~~~~~~~
'Finished building: ../src/helloworld.c'
' '
'Building target: gpio.elf'
'Invoking: ARM v7 gcc linker'
arm-none-eabi-gcc -mcpu=cortex-a9 -mfpu=vfpv3 -mfloat-abi=hard -Wl,-build-id=none -specs=Xilinx.spec -Wl,-T -Wl,../src/lscript.ld -L../../gpio_bsp/ps7_cortexa9_0/lib -o "gpio.elf"  ./src/helloworld.o ./src/platform.o   -Wl,--start-group,-lxil,-lgcc,-lc,--end-group
'Finished building target: gpio.elf'
' '
'Invoking: ARM v7 Print Size'
arm-none-eabi-size gpio.elf  |tee "gpio.elf.size"
   text	   data	    bss	    dec	    hex	filename
  29940	   1928	  22632	  54500	   d4e4	gpio.elf
'Finished building: gpio.elf.size'
' '

20:17:02 Build Finished (took 612ms)

